%!Adobe-FontList 1.14
%Locale:0x4809

%BeginFont
Handler:DirectoryHandler
FontType:TrueType
FontName:Helvetica-Oblique
FamilyName:Helvetica
StyleName:RomanItalic
FullName:Helvetica-Oblique
MenuName:Helvetica
StyleBits:1
WritingScript:Roman
OutlineFileName:F:\Users\Jasmy\Desktop\Board for Tripod Stand - Final\Document fonts\18938_HelveticaObl_.ttf
DataFormat:sfntData
FileLength:50884
FileModTime:1342164046
WeightClass:400
WidthClass:5
AngleClass:0
%EndFont

%BeginFont
Handler:DirectoryHandler
FontType:TrueType
FontName:Helvetica-Bold
FamilyName:Helvetica
StyleName:Bold
FullName:Helvetica Bold
MenuName:Helvetica
StyleBits:0
WritingScript:Roman
OutlineFileName:F:\Users\Jasmy\Desktop\Board for Tripod Stand - Final\Document fonts\Helvetica-Bold.ttf
DataFormat:sfntData
FileLength:308608
FileModTime:1455768686
WeightClass:700
WidthClass:5
AngleClass:0
%EndFont

%BeginFont
Handler:DirectoryHandler
FontType:TrueType
FontName:Helvetica
FamilyName:Helvetica
StyleName:Regular
FullName:Helvetica
MenuName:Helvetica
StyleBits:0
WritingScript:Roman
OutlineFileName:F:\Users\Jasmy\Desktop\Board for Tripod Stand - Final\Document fonts\Helvetica.ttf
DataFormat:sfntData
FileLength:313272
FileModTime:1455768448
WeightClass:400
WidthClass:5
AngleClass:0
%EndFont

