%!Adobe-FontList 1.14
%Locale:0x409

%BeginFont
Handler:DirectoryHandler
FontType:TrueType
FontName:FontAwesome
FamilyName:FontAwesome
StyleName:Regular
FullName:FontAwesome Regular
MenuName:FontAwesome
StyleBits:0
WritingScript:Roman
OutlineFileName:C:\Users\User\Dropbox (Wingz Communications)\Wingz Communications Team Folder\External Share\WordPress Community\WordCamp Singapore 2016 Assets\WordCamp EDM\Document fonts\fontawesome-webfont_0.ttf
DataFormat:sfntData
FileLength:122092
FileModTime:1429275384
WeightClass:400
WidthClass:5
AngleClass:0
%EndFont

%BeginFont
Handler:DirectoryHandler
FontType:TrueType
FontName:Helvetica-Bold
FamilyName:Helvetica
StyleName:Bold
FullName:Helvetica Bold
MenuName:Helvetica
StyleBits:0
WritingScript:Roman
OutlineFileName:C:\Users\User\Dropbox (Wingz Communications)\Wingz Communications Team Folder\External Share\WordPress Community\WordCamp Singapore 2016 Assets\WordCamp EDM\Document fonts\Helvetica-Bold.ttf
DataFormat:sfntData
FileLength:308608
FileModTime:1455768686
WeightClass:700
WidthClass:5
AngleClass:0
%EndFont

%BeginFont
Handler:DirectoryHandler
FontType:TrueType
FontName:Helvetica-Light
FamilyName:Helvetica
StyleName:Light
FullName:Helvetica Light
MenuName:Helvetica
StyleBits:0
WritingScript:Roman
OutlineFileName:C:\Users\User\Dropbox (Wingz Communications)\Wingz Communications Team Folder\External Share\WordPress Community\WordCamp Singapore 2016 Assets\WordCamp EDM\Document fonts\Helvetica-Light.ttf
DataFormat:sfntData
FileLength:291384
FileModTime:1455768882
WeightClass:300
WidthClass:5
AngleClass:0
%EndFont

%BeginFont
Handler:DirectoryHandler
FontType:TrueType
FontName:Helvetica
FamilyName:Helvetica
StyleName:Regular
FullName:Helvetica
MenuName:Helvetica
StyleBits:0
WritingScript:Roman
OutlineFileName:C:\Users\User\Dropbox (Wingz Communications)\Wingz Communications Team Folder\External Share\WordPress Community\WordCamp Singapore 2016 Assets\WordCamp EDM\Document fonts\Helvetica.ttf
DataFormat:sfntData
FileLength:313272
FileModTime:1455768448
WeightClass:400
WidthClass:5
AngleClass:0
%EndFont

